I'm sorry, but errors were detected in your script. Please correct the
errors listed below, and try again.


File "game/script.rpy", line 22: expected statement.
    button:
          ^

Ren'Py Version: Ren'Py 8.1.0.23050201
Fri May  5 18:10:01 2023
